###############################################################################
#
# IAR ELF Linker V7.50.2.10312/W32 for ARM                06/Nov/2016  21:14:10
# Copyright 2007-2015 IAR Systems AB.
#
#    Output file  =  
#        D:\stm32 source code\Usrat example\EWARM\Debug\Exe\TEMPLATE.out
#    Map file     =  
#        D:\stm32 source code\Usrat example\EWARM\Debug\List\TEMPLATE.map
#    Command line =  
#        "D:\stm32 source code\Usrat example\EWARM\Debug\Obj\bsp_usart1.o"
#        "D:\stm32 source code\Usrat example\EWARM\Debug\Obj\main.o" "D:\stm32
#        source code\Usrat example\EWARM\Debug\Obj\misc.o" "D:\stm32 source
#        code\Usrat example\EWARM\Debug\Obj\startup_stm32f10x_hd.o" "D:\stm32
#        source code\Usrat example\EWARM\Debug\Obj\stm32f10x_adc.o" "D:\stm32
#        source code\Usrat example\EWARM\Debug\Obj\stm32f10x_bkp.o" "D:\stm32
#        source code\Usrat example\EWARM\Debug\Obj\stm32f10x_can.o" "D:\stm32
#        source code\Usrat example\EWARM\Debug\Obj\stm32f10x_cec.o" "D:\stm32
#        source code\Usrat example\EWARM\Debug\Obj\stm32f10x_crc.o" "D:\stm32
#        source code\Usrat example\EWARM\Debug\Obj\stm32f10x_dac.o" "D:\stm32
#        source code\Usrat example\EWARM\Debug\Obj\stm32f10x_dbgmcu.o"
#        "D:\stm32 source code\Usrat example\EWARM\Debug\Obj\stm32f10x_dma.o"
#        "D:\stm32 source code\Usrat example\EWARM\Debug\Obj\stm32f10x_exti.o"
#        "D:\stm32 source code\Usrat example\EWARM\Debug\Obj\stm32f10x_flash.o"
#        "D:\stm32 source code\Usrat example\EWARM\Debug\Obj\stm32f10x_fsmc.o"
#        "D:\stm32 source code\Usrat example\EWARM\Debug\Obj\stm32f10x_gpio.o"
#        "D:\stm32 source code\Usrat example\EWARM\Debug\Obj\stm32f10x_i2c.o"
#        "D:\stm32 source code\Usrat example\EWARM\Debug\Obj\stm32f10x_it.o"
#        "D:\stm32 source code\Usrat example\EWARM\Debug\Obj\stm32f10x_iwdg.o"
#        "D:\stm32 source code\Usrat example\EWARM\Debug\Obj\stm32f10x_pwr.o"
#        "D:\stm32 source code\Usrat example\EWARM\Debug\Obj\stm32f10x_rcc.o"
#        "D:\stm32 source code\Usrat example\EWARM\Debug\Obj\stm32f10x_rtc.o"
#        "D:\stm32 source code\Usrat example\EWARM\Debug\Obj\stm32f10x_sdio.o"
#        "D:\stm32 source code\Usrat example\EWARM\Debug\Obj\stm32f10x_spi.o"
#        "D:\stm32 source code\Usrat example\EWARM\Debug\Obj\stm32f10x_tim.o"
#        "D:\stm32 source code\Usrat example\EWARM\Debug\Obj\stm32f10x_usart.o"
#        "D:\stm32 source code\Usrat example\EWARM\Debug\Obj\stm32f10x_wwdg.o"
#        "D:\stm32 source code\Usrat
#        example\EWARM\Debug\Obj\system_stm32f10x.o" -o "D:\stm32 source
#        code\Usrat example\EWARM\Debug\Exe\TEMPLATE.out" --map "D:\stm32
#        source code\Usrat example\EWARM\Debug\List\TEMPLATE.map" --config
#        "D:\stm32 source code\Usrat example\EWARM\stm32f10x_flash.icf"
#        --semihosting --entry __iar_program_start --vfe
#
###############################################################################

*******************************************************************************
*** RUNTIME MODEL ATTRIBUTES
***

CppFlavor       = *
__SystemLibrary = DLib


*******************************************************************************
*** PLACEMENT SUMMARY
***

"A1":  place at 0x08000000 { ro section .intvec };
"P1":  place in [from 0x08000000 to 0x080fffff] { ro };
"P2":  place in [from 0x20000000 to 0x20017fff] { rw, block CSTACK, block HEAP };

  Section             Kind        Address    Size  Object
  -------             ----        -------    ----  ------
"A1":                                       0x134
  .intvec             ro code  0x08000000   0x134  startup_stm32f10x_hd.o [1]
                             - 0x08000134   0x134

"P1":                                      0x21d9
  .text               ro code  0x08000134   0xd8e  xprintffull_nomb.o [3]
  .text               ro code  0x08000ec4    0x16  strchr.o [5]
  .text               ro code  0x08000edc    0x36  strlen.o [5]
  .text               ro code  0x08000f14    0x58  memchr.o [5]
  .text               ro code  0x08000f6c    0xee  I64DivMod.o [5]
  .text               ro code  0x0800105c    0x76  ABImemcpy_unaligned.o [5]
  .text               ro code  0x080010d2    0x42  xdnorm.o [4]
  .text               ro code  0x08001114    0x2e  DblCmpLe.o [4]
  .text               ro code  0x08001144    0x2e  DblCmpGe.o [4]
  .text               ro code  0x08001174   0x10c  xdscale.o [4]
  .text               ro code  0x08001280    0x58  DblToI32.o [4]
  .text               ro code  0x080012d8    0x30  I32ToDbl.o [4]
  .text               ro code  0x08001308   0x180  DblSub.o [4]
  .text               ro code  0x08001488   0x1a2  DblMul.o [4]
  .text               ro code  0x0800162c   0x256  DblDiv.o [4]
  .text               ro code  0x08001884    0x6c  localeconv.o [3]
  .text               ro code  0x080018f0     0xe  div.o [3]
  .text               ro code  0x08001900     0x2  I64DivZer.o [5]
  .text               ro code  0x08001904    0xd4  DblAdd.o [4]
  .text               ro code  0x080019d8     0x2  xtls.o [3]
  .text               ro code  0x080019dc   0x1da  stm32f10x_usart.o [1]
  .text               ro code  0x08001bb8    0xf4  stm32f10x_rcc.o [1]
  .text               ro code  0x08001cac   0x158  system_stm32f10x.o [1]
  .text               ro code  0x08001e04    0xcc  bsp_usart1.o [1]
  .text               ro code  0x08001ed0    0xcc  stm32f10x_gpio.o [1]
  .text               ro code  0x08001f9c    0x70  misc.o [1]
  .text               ro code  0x0800200c    0x48  main.o [1]
  .text               ro code  0x08002054    0x48  stm32f10x_it.o [1]
  .text               ro code  0x0800209c    0x24  printf.o [3]
  .text               ro code  0x080020c0    0x40  zero_init3.o [5]
  .text               ro code  0x08002100    0x38  packbits_init_single.o [5]
  .text               ro code  0x08002138    0x28  data_init.o [5]
  .iar.init_table     const    0x08002160    0x20  - Linker created -
  .text               ro code  0x08002180    0x1a  cmain.o [5]
  .text               ro code  0x0800219a     0x4  low_level_init.o [3]
  .text               ro code  0x0800219e     0x4  exit.o [3]
  .text               ro code  0x080021a4     0xa  cexit.o [5]
  .text               ro code  0x080021b0    0x14  exit.o [6]
  .text               ro code  0x080021c4    0x16  xprout.o [3]
  .text               ro code  0x080021dc     0xc  putchar.o [3]
  .text               ro code  0x080021e8    0x10  startup_stm32f10x_hd.o [1]
  .text               ro code  0x080021f8     0xc  cstartup_M.o [5]
  .text               ro code  0x08002204     0x4  startup_stm32f10x_hd.o [1]
  .text               ro code  0x08002208     0x4  startup_stm32f10x_hd.o [1]
  .text               ro code  0x0800220c     0x4  startup_stm32f10x_hd.o [1]
  .text               ro code  0x08002210     0x4  startup_stm32f10x_hd.o [1]
  .text               ro code  0x08002214     0x4  startup_stm32f10x_hd.o [1]
  .text               ro code  0x08002218     0x4  startup_stm32f10x_hd.o [1]
  .text               ro code  0x0800221c     0x4  startup_stm32f10x_hd.o [1]
  .text               ro code  0x08002220     0x4  startup_stm32f10x_hd.o [1]
  .text               ro code  0x08002224     0x4  startup_stm32f10x_hd.o [1]
  .text               ro code  0x08002228     0x4  startup_stm32f10x_hd.o [1]
  .text               ro code  0x0800222c     0x4  startup_stm32f10x_hd.o [1]
  .text               ro code  0x08002230     0x4  startup_stm32f10x_hd.o [1]
  .text               ro code  0x08002234     0x4  startup_stm32f10x_hd.o [1]
  .text               ro code  0x08002238     0x4  startup_stm32f10x_hd.o [1]
  .text               ro code  0x0800223c     0x4  startup_stm32f10x_hd.o [1]
  .text               ro code  0x08002240     0x4  startup_stm32f10x_hd.o [1]
  .text               ro code  0x08002244     0x4  startup_stm32f10x_hd.o [1]
  .text               ro code  0x08002248     0x4  startup_stm32f10x_hd.o [1]
  .text               ro code  0x0800224c     0x4  startup_stm32f10x_hd.o [1]
  .text               ro code  0x08002250     0x4  startup_stm32f10x_hd.o [1]
  .text               ro code  0x08002254     0x4  startup_stm32f10x_hd.o [1]
  .text               ro code  0x08002258     0x4  startup_stm32f10x_hd.o [1]
  .text               ro code  0x0800225c     0x4  startup_stm32f10x_hd.o [1]
  .text               ro code  0x08002260     0x4  startup_stm32f10x_hd.o [1]
  .text               ro code  0x08002264     0x4  startup_stm32f10x_hd.o [1]
  .text               ro code  0x08002268     0x4  startup_stm32f10x_hd.o [1]
  .text               ro code  0x0800226c     0x4  startup_stm32f10x_hd.o [1]
  .text               ro code  0x08002270     0x4  startup_stm32f10x_hd.o [1]
  .text               ro code  0x08002274     0x4  startup_stm32f10x_hd.o [1]
  .text               ro code  0x08002278     0x4  startup_stm32f10x_hd.o [1]
  .text               ro code  0x0800227c     0x4  startup_stm32f10x_hd.o [1]
  .text               ro code  0x08002280     0x4  startup_stm32f10x_hd.o [1]
  .text               ro code  0x08002284     0x4  startup_stm32f10x_hd.o [1]
  .text               ro code  0x08002288     0x4  startup_stm32f10x_hd.o [1]
  .text               ro code  0x0800228c     0x4  startup_stm32f10x_hd.o [1]
  .text               ro code  0x08002290     0x4  startup_stm32f10x_hd.o [1]
  .text               ro code  0x08002294     0x4  startup_stm32f10x_hd.o [1]
  .text               ro code  0x08002298     0x4  startup_stm32f10x_hd.o [1]
  .text               ro code  0x0800229c     0x4  startup_stm32f10x_hd.o [1]
  .text               ro code  0x080022a0     0x4  startup_stm32f10x_hd.o [1]
  .text               ro code  0x080022a4     0x4  startup_stm32f10x_hd.o [1]
  .text               ro code  0x080022a8     0x4  startup_stm32f10x_hd.o [1]
  .text               ro code  0x080022ac     0x4  startup_stm32f10x_hd.o [1]
  .text               ro code  0x080022b0     0x4  startup_stm32f10x_hd.o [1]
  .text               ro code  0x080022b4     0x4  startup_stm32f10x_hd.o [1]
  .text               ro code  0x080022b8     0x4  startup_stm32f10x_hd.o [1]
  .text               ro code  0x080022bc     0x4  startup_stm32f10x_hd.o [1]
  .text               ro code  0x080022c0     0x4  startup_stm32f10x_hd.o [1]
  .text               ro code  0x080022c4     0x4  startup_stm32f10x_hd.o [1]
  .text               ro code  0x080022c8     0x4  startup_stm32f10x_hd.o [1]
  .text               ro code  0x080022cc     0x4  startup_stm32f10x_hd.o [1]
  .rodata             const    0x080022d0     0x0  zero_init3.o [5]
  .rodata             const    0x080022d0     0x0  packbits_init_single.o [5]
  Initializer bytes   const    0x080022d0    0x3d  <for P2-1>
                             - 0x0800230d  0x21d9

"P2", part 1 of 3:                           0xdc
  P2-1                         0x20000000    0xdc  <Init block>
    .data             inited   0x20000000    0x10  stm32f10x_rcc.o [1]
    .data             inited   0x20000010     0x4  stm32f10x_rcc.o [1]
    .data             inited   0x20000014    0x40  xfiles.o [3]
    __DLIB_PERTHREAD  inited   0x20000054    0x88  localeconv.o [3]
                             - 0x200000dc    0xdc

"P2", part 2 of 3:                          0x400
  CSTACK                       0x200000e0   0x400  <Block>
    CSTACK            uninit   0x200000e0   0x400  <Block tail>
                             - 0x200004e0   0x400

"P2", part 3 of 3:                           0x50
  .bss                zero     0x200004e0    0x50  xfiles.o [3]
                             - 0x20000530    0x50


*******************************************************************************
*** INIT TABLE
***

          Address     Size
          -------     ----
Zero (__iar_zero_init3)
    1 destination range, total size 0x50:
          0x200004e0  0x50

Copy/packbits (__iar_packbits_init_single3)
    1 source range, total size 0x3d (27% of destination):
          0x080022d0  0x3d
    1 destination range, total size 0xdc:
          0x20000000  0xdc



*******************************************************************************
*** MODULE SUMMARY
***

    Module                  ro code  ro data  rw data
    ------                  -------  -------  -------
D:\stm32 source code\Usrat example\EWARM\Debug\Obj: [1]
    bsp_usart1.o                204
    main.o                       72
    misc.o                      112
    startup_stm32f10x_hd.o      528
    stm32f10x_gpio.o            204
    stm32f10x_it.o               72
    stm32f10x_rcc.o             244        5       20
    stm32f10x_usart.o           474
    system_stm32f10x.o          344
    -------------------------------------------------
    Total:                    2 254        5       20

command line: [2]
    -------------------------------------------------
    Total:

dl7M_tlf.a: [3]
    div.o                        14
    exit.o                        4
    localeconv.o                108       38      136
    low_level_init.o              4
    printf.o                     36
    putchar.o                    12
    xfiles.o                              18      144
    xprintffull_nomb.o        3 470
    xprout.o                     22
    xtls.o                        2
    -------------------------------------------------
    Total:                    3 672       56      280

m7M_tl.a: [4]
    DblAdd.o                    212
    DblCmpGe.o                   46
    DblCmpLe.o                   46
    DblDiv.o                    598
    DblMul.o                    418
    DblSub.o                    384
    DblToI32.o                   88
    I32ToDbl.o                   48
    xdnorm.o                     66
    xdscale.o                   268
    -------------------------------------------------
    Total:                    2 174

rt7M_tl.a: [5]
    ABImemcpy_unaligned.o       118
    I64DivMod.o                 238
    I64DivZer.o                   2
    cexit.o                      10
    cmain.o                      26
    cstartup_M.o                 12
    data_init.o                  40
    memchr.o                     88
    packbits_init_single.o       56
    strchr.o                     22
    strlen.o                     54
    zero_init3.o                 64
    -------------------------------------------------
    Total:                      730

shb_l.a: [6]
    exit.o                       20
    -------------------------------------------------
    Total:                       20

    Gaps                         30
    Linker created                        32    1 024
-----------------------------------------------------
    Grand Total:              8 880       93    1 324


*******************************************************************************
*** ENTRY LIST
***

Entry                      Address   Size  Type      Object
-----                      -------   ----  ----      ------
.iar.init_table$$Base   0x08002160          --   Gb  - Linker created -
.iar.init_table$$Limit  0x08002180          --   Gb  - Linker created -
?main                   0x08002181         Code  Gb  cmain.o [5]
ADCPrescTable           0x20000010    0x4  Data  Lc  stm32f10x_rcc.o [1]
APBAHBPrescTable        0x20000000   0x10  Data  Lc  stm32f10x_rcc.o [1]
BusFault_Handler        0x08002093    0x2  Code  Gb  stm32f10x_it.o [1]
CSTACK$$Base            0x200000e0          --   Gb  - Linker created -
CSTACK$$Limit           0x200004e0          --   Gb  - Linker created -
DebugMon_Handler        0x08002099    0x2  Code  Gb  stm32f10x_it.o [1]
GPIO_Init               0x08001ed1   0xc0  Code  Gb  stm32f10x_gpio.o [1]
GPIO_ResetBits          0x08001f97    0x6  Code  Gb  stm32f10x_gpio.o [1]
GPIO_SetBits            0x08001f91    0x6  Code  Gb  stm32f10x_gpio.o [1]
HardFault_Handler       0x0800208f    0x2  Code  Gb  stm32f10x_it.o [1]
LED_Gpioinit            0x0800200d   0x36  Code  Gb  main.o [1]
LoadInt                 0x080006b9   0x6e  Code  Lc  xprintffull_nomb.o [3]
MemManage_Handler       0x08002091    0x2  Code  Gb  stm32f10x_it.o [1]
NMI_Handler             0x0800208d    0x2  Code  Gb  stm32f10x_it.o [1]
NVIC_Init               0x08001f9d   0x5e  Code  Gb  misc.o [1]
PendSV_Handler          0x0800209b    0x2  Code  Gb  stm32f10x_it.o [1]
RCC_APB2PeriphClockCmd  0x08001c73   0x20  Code  Gb  stm32f10x_rcc.o [1]
RCC_GetClocksFreq       0x08001bb9   0xba  Code  Gb  stm32f10x_rcc.o [1]
Region$$Table$$Base     0x08002160          --   Gb  - Linker created -
Region$$Table$$Limit    0x08002180          --   Gb  - Linker created -
SVC_Handler             0x08002097    0x2  Code  Gb  stm32f10x_it.o [1]
SetSysClock             0x08001d01    0x8  Code  Lc  system_stm32f10x.o [1]
SetSysClockTo72         0x08001d09   0xe0  Code  Lc  system_stm32f10x.o [1]
SysTick_Handler         0x08002089    0x2  Code  Gb  stm32f10x_it.o [1]
SystemInit              0x08001cad   0x54  Code  Gb  system_stm32f10x.o [1]
TIM3_IRQHandler         0x0800208b    0x2  Code  Gb  stm32f10x_it.o [1]
USART1_Config           0x08001e05   0xa2  Code  Gb  bsp_usart1.o [1]
USART1_IRQHandler       0x08002055   0x2c  Code  Gb  stm32f10x_it.o [1]
USART_ClearITPendingBit
                        0x08001b99   0x1e  Code  Gb  stm32f10x_usart.o [1]
USART_Cmd               0x08001a9d   0x1c  Code  Gb  stm32f10x_usart.o [1]
USART_GetFlagStatus     0x08001b1b   0x1a  Code  Gb  stm32f10x_usart.o [1]
USART_GetITStatus       0x08001b35   0x64  Code  Gb  stm32f10x_usart.o [1]
USART_ITConfig          0x08001ab9   0x52  Code  Gb  stm32f10x_usart.o [1]
USART_Init              0x080019dd   0xba  Code  Gb  stm32f10x_usart.o [1]
USART_ReceiveData       0x08001b13    0x8  Code  Gb  stm32f10x_usart.o [1]
USART_SendData          0x08001b0b    0x8  Code  Gb  stm32f10x_usart.o [1]
UsageFault_Handler      0x08002095    0x2  Code  Gb  stm32f10x_it.o [1]
_GenldFullNoMb          0x08000c2f  0x24c  Code  Lc  xprintffull_nomb.o [3]
_LdtobFullNoMb          0x0800082d  0x3fc  Code  Lc  xprintffull_nomb.o [3]
_LitobFullNoMb          0x08000727  0x106  Code  Lc  xprintffull_nomb.o [3]
_Locale_aeabi_lconv     0x200000a4   0x38  Data  Gb  localeconv.o [3]
_Locale_lconv           0x20000054   0x50  Data  Gb  localeconv.o [3]
_PrintfFullNoMb         0x08000135  0x57e  Code  Gb  xprintffull_nomb.o [3]
_Prout                  0x080021c5   0x16  Code  Gb  xprout.o [3]
_PutcharsFullNoMb       0x08000e7b   0x2e  Code  Lc  xprintffull_nomb.o [3]
__aeabi_cdcmple         0x08001115         Code  Gb  DblCmpLe.o [4]
__aeabi_cdrcmple        0x08001145         Code  Gb  DblCmpGe.o [4]
__aeabi_d2iz            0x08001281         Code  Gb  DblToI32.o [4]
__aeabi_d2uiz           0x080012ad         Code  Gb  DblToI32.o [4]
__aeabi_ddiv            0x0800162d         Code  Gb  DblDiv.o [4]
__aeabi_dmul            0x08001489         Code  Gb  DblMul.o [4]
__aeabi_dsub            0x08001309         Code  Gb  DblSub.o [4]
__aeabi_i2d             0x080012d9         Code  Gb  I32ToDbl.o [4]
__aeabi_ldiv0           0x08001901         Code  Gb  I64DivZer.o [5]
__aeabi_ui2d            0x080012ed         Code  Gb  I32ToDbl.o [4]
__aeabi_uldivmod        0x08000f6d         Code  Gb  I64DivMod.o [5]
__cmain                 0x08002181         Code  Gb  cmain.o [5]
__exit                  0x080021b1   0x14  Code  Gb  exit.o [6]
__iar_Dnorm             0x080010d3   0x42  Code  Gb  xdnorm.o [4]
__iar_Dscale            0x08001175  0x10c  Code  Gb  xdscale.o [4]
__iar_Locale_lconv_init
                        0x08001885   0x3a  Code  Gb  localeconv.o [3]
__iar_Memchr            0x08000f15         Code  Gb  memchr.o [5]
__iar_Stdout            0x20000014   0x40  Data  Gb  xfiles.o [3]
__iar_Strchr            0x08000ec5         Code  Gb  strchr.o [5]
__iar_d2uiz             0x080012b9         Code  Gb  DblToI32.o [4]
__iar_dadd              0x08001905         Code  Gb  DblAdd.o [4]
__iar_data_init3        0x08002139   0x28  Code  Gb  data_init.o [5]
__iar_dlib_perthread_access
                        0x080019d9    0x2  Code  Gb  xtls.o [3]
__iar_dsub              0x0800131d         Code  Gb  DblSub.o [4]
__iar_dsubStart         0x0800132f         Code  Gb  DblSub.o [4]
__iar_packbits_init_single3
                        0x08002101   0x38  Code  Gb  packbits_init_single.o [5]
__iar_program_start     0x080021f9         Code  Gb  cstartup_M.o [5]
__iar_ui2d              0x080012f1         Code  Gb  I32ToDbl.o [4]
__iar_unaligned___aeabi_memcpy
                        0x0800105d         Code  Gb  ABImemcpy_unaligned.o [5]
__iar_unaligned___aeabi_memcpy4
                        0x0800107d         Code  Gb  ABImemcpy_unaligned.o [5]
__iar_unaligned___aeabi_memcpy8
                        0x0800107d         Code  Gb  ABImemcpy_unaligned.o [5]
__iar_zero_init3        0x080020c1   0x40  Code  Gb  zero_init3.o [5]
__low_level_init        0x0800219b    0x4  Code  Gb  low_level_init.o [3]
__vector_table          0x08000000         Data  Gb  startup_stm32f10x_hd.o [1]
_call_main              0x0800218d         Code  Gb  cmain.o [5]
_exit                   0x080021a5         Code  Gb  cexit.o [5]
_main                   0x08002197         Code  Gb  cmain.o [5]
div                     0x080018f1    0xe  Code  Gb  div.o [3]
exit                    0x0800219f    0x4  Code  Gb  exit.o [3]
fputc                   0x08001ea7   0x20  Code  Gb  bsp_usart1.o [1]
localeconv              0x080018bf   0x16  Code  Gb  localeconv.o [3]
main                    0x08002049    0xc  Code  Gb  main.o [1]
memchr                  0x08000f15         Code  Gb  memchr.o [5]
obuf                    0x200004e0   0x50  Data  Lc  xfiles.o [3]
printf                  0x0800209d   0x24  Code  Gb  printf.o [3]
putchar                 0x080021dd    0xc  Code  Gb  putchar.o [3]
strchr                  0x08000ec5         Code  Gb  strchr.o [5]
strlen                  0x08000edd         Code  Gb  strlen.o [5]


[1] = D:\stm32 source code\Usrat example\EWARM\Debug\Obj
[2] = command line
[3] = dl7M_tlf.a
[4] = m7M_tl.a
[5] = rt7M_tl.a
[6] = shb_l.a

  8 880 bytes of readonly  code memory
     93 bytes of readonly  data memory
  1 324 bytes of readwrite data memory

Errors: none
Warnings: none
